{
  "locale": "sw",
  "locales": [
    {
      "code": "sw",
      "name": "Kiswahili (Swahili)"
    }
  ],
  "kujua-reporting": [
    {
      "code": "SS",
      "reporting_freq": "monthly"
    },
    {
      "code": "99",
      "reporting_freq": "weekly"
    }
  ],
  "forms": {
    "IMM": {
      "fields": [
        "patient_id",
        "visit_confirmed"
      ]
    }
  },
  "transitions": {
    "default_responses": true
  },
  "contact_summary": "",
  "tasks": {
    "rules": "",
    "schedules": {},
    "targets": {}
  }
}
