{
  "contact_summary": "",
  "tasks": {
    "rules": "define Target {_id: null,deleted: null,type: null,pass: null,date: null}define Contact {contact: null,reports: null}define Task {_id: null,deleted: null,doc: null,contact: null,icon: null,date: null,title: null,fields: null,resolved: null,priority: null,priorityLabel: null,reports: null,actions: null}rule GenerateEvents {when {c: Contact}then {var idx1,idx2,r,target,now=Utils.now(),targets=[{id:'active-pregnancies',appliesToType:'report',appliesIf:function(e,t){return'D'===t.form},date:'now'},{id:'imm-children-registered-this-month',appliesToType:'person',appliesIf:function(e){return e.age_in_months<=60},date:function(e){return e.contact.reported_date}}],tasks=[];for(idx1=0;idx1<targets.length;++idx1)switch((target=targets[idx1]).appliesTo){case'contacts':c.contact&&-1!==target.appliesToType.indexOf(c.contact.type)&&emitContactBasedTargetFor(c,target);break;case'reports':for(idx2=0;idx2<c.reports.length;++idx2)r=c.reports[idx2],emitReportBasedTargetFor(c,r,target);break;default:throw new Error('unrecognised target type: '+target.appliesTo)}if(tasks)for(idx1=0;idx1<tasks.length;++idx1){var task=tasks[idx1];switch(task.appliesTo){case'reports':case'scheduled_tasks':for(idx2=0;idx2<c.reports.length;++idx2)r=c.reports[idx2],emitTasksForSchedule(c,tasks[idx1],r);break;case'contacts':c.contact&&-1!==task.appliesToType.indexOf(c.contact.type)&&emitTasksForSchedule(c,tasks[idx1]);break;default:throw new Error('unrecognised task type: '+task.appliesTo)}}function emitTasksForSchedule(o,d,n){var e;if((!d.appliesToForms||-1!==d.appliesToForms.indexOf(n.form))&&(!d.appliesIf||d.appliesIf(o,n)))if(n&&d.appliesIf){if(!n.scheduled_tasks)return;for(e=0;e<n.scheduled_tasks.length;e++)d.appliesIf(n,e)&&t(e)}else t();function t(e){var t,a,i,s,r=null;for(t=0;t<d.events.length;t++)a=d.events[t],n&&(r=a.dueDate?a.dueDate(n,a,e):void 0!==e?new Date(Utils.addDate(new Date(n.scheduled_tasks[e].due),a.days)):new Date(Utils.addDate(new Date(n.reported_date),a.days))),Utils.isTimely(r,a)&&(s={_id:n?n._id+'-'+a.id:o.contact._id+'-'+d.id,deleted:!(!(o.contact&&o.contact.deleted||n)||!n.deleted),doc:o,contact:o.contact,icon:d.icon,date:r,title:d.title,resolved:!!n&&d.resolvedIf(o,n,a,r,e),actions:n?d.actions.map(c):[]},void 0!==e&&(s._id+='-'+e),'function'==typeof(i=d.priority)&&(i=i(o,n)),i&&(s.priority=i.level,s.priorityLabel=i.label),emit('task',new Task(s)))}function c(e){return{type:'report',form:e.form,label:e.label||'Follow up',content:{source:'task',source_id:n._id,contact:o.contact}}}}function emitContactBasedTargetFor(e,t){if(!t.appliesIf||t.appliesIf(e)){var a=!t.passesIf||!!t.passesIf(e),i=createTargetInstance(t.id,e.contact,a);i.date=t.date?t.date(e):now.getTime(),emitTargetInstance(i)}}function emitReportBasedTargetFor(e,t,a){var i,s;if(!a.appliesIf||a.appliesIf(e,t))if(a.emitCustom)a.emitCustom(e,t);else switch(s=!a.passesIf||!!a.passesIf(e,t),(i=createTargetInstance(a.id,t,s))._id=('report'===a.idType?t._id:e.contact._id)+'-'+a.id,emitTargetInstance(i),a.date){case'now':i.date=now.getTime()}}function createTargetInstance(e,t,a){return new Target({_id:t._id+'-'+e,deleted:!!t.deleted,type:e,pass:a,date:t.reported_date})}function emitTargetInstance(e){emit('target',e)}emit('_complete',{_id:!0});}}",
    "schedules": {
      "test": true
    },
    "targets": {
      "enabled": true,
      "items": [
        {
          "id": "active-pregnancies",
          "type": "count",
          "icon": "pregnancy-1",
          "goal": -1,
          "translation_key": "targets.active_pregnancies.title",
          "subtitle_translation_key": "targets.all_time.subtitle"
        },
        {
          "id": "imm-children-registered-this-month",
          "type": "count",
          "icon": "child",
          "goal": -1,
          "translation_key": "targets.children_registered.title",
          "subtitle_translation_key": "targets.this_month.subtitle",
          "context": "user.parent.use_cases.split(' ').indexOf('imm') !== -1"
        }
      ]
    }
  }
}
